{
  "com.github.maximjev.JsonSnapshotFileTest.shouldExcludeDynamicFields": [
    {
      "sub": {
        "val": "subvalue"
      },
      "str1": "asdssf",
      "int1": 1,
      "stringArray": [
        "apple",
        "banana"
      ],
      "staticValue": "TEST"
    }
  ],
  "com.github.maximjev.JsonSnapshotFileTest.shouldResolveFirstCallerMethod": [
    "expected"
  ],
  "com.github.maximjev.JsonSnapshotFileTest.shouldMatchStringSnapshot": [
    "expected"
  ],
  "com.github.maximjev.JsonSnapshotFileTest.shouldExcludeWildCard": [
    { }
  ],
  "com.github.maximjev.JsonSnapshotFileTest.shouldCreateScenariosForParameterizedTests": {
    "third": [
      "expected"
    ],
    "fourth": [
      "expected"
    ],
    "first": [
      "expected"
    ],
    "second": [
      "expected"
    ]
  },
  "com.github.maximjev.JsonSnapshotFileTest.shouldThrowMismatchException": [
    "expected"
  ],
  "com.github.maximjev.JsonSnapshotFileTest.shouldIncludeFields": [
    {
      "str1": "aaaasdsssf",
      "int1": 1,
      "list": [
        "red",
        "blue",
        "green"
      ]
    }
  ],
  "com.github.maximjev.JsonSnapshotFileTest.shouldUpdateSnapshot": [
    "expected"
  ],
  "com.github.maximjev.JsonSnapshotFileTest.shouldCreateSnapshotWithScenario": {
    "scenario": [
      "expected"
    ]
  }
}